// Jest Snapshot v1, https://goo.gl/fbAQLP

exports[`displays loading message 1`] = `
<div
  className="App"
>
  <div>
    <h1>
      Message
    </h1>
    <div>
      no message yet
    </div>
  </div>
</div>
`;
